// Jest Snapshot v1, https://goo.gl/fbAQLP

exports[`Matches snapshot 1`] = `
<div
  className="Body"
>
  <div
    className="Summary"
  >
    <h3>
      <strong>
        Transaction Details
      </strong>
    </h3>
    <p>
      Unmarshal - sponsered slots available 
      <a
        href="/"
      >
        Book your slot here!
      </a>
    </p>
  </div>
  <div
    className="Container"
  >
    <div
      className="SwitchTab"
    >
      <button>
        <h3>
          Ethereum
        </h3>
      </button>
      <button>
        <h3>
          BSC
        </h3>
      </button>
      <button>
        <h3>
          Ethereum
        </h3>
      </button>
    </div>
    <h1>
      Loading
      ...
    </h1>
  </div>
</div>
`;
