// Jest Snapshot v1, https://goo.gl/fbAQLP

exports[`Matches snapshot 1`] = `
<h1>
  Loading
  ...
</h1>
`;
